SQL> conn system
Connected.
SQL> revoke dba from angel
  2  
SQL> revoke dba from angel
  2  
SQL> revoke dba from angel;

Revoke succeeded.

SQL> conn angel/angel;
ERROR:
ORA-01045: user ANGEL lacks CREATE SESSION privilege; logon denied 


Warning: You are no longer connected to ORACLE.
SQL> spool off
